Simple:ctor
Hello, World!
foo
Goodbye, World!
Base:ctor
Base:ctor
Derived:ctor
Base:greet
Base:speak
Base:process
Base:greet
Base:process
Derived:dtor
Base:dtor
Base:dtor
typeof(x)=int
typeof(pi)=float32
TopHoist: hoist.v_ = 16
foo:cls.y_ + 66
dh.u_ = 32
dif.p_ = 64
templateLocal<int> = 42
templateLocal<float> = 3.5
templateLocalIndep<int> = 9
Boxed<int>.unwrap = 7
Boxed<int>.tag = 5
Boxed<float>.unwrap = 2.5
Simple:dtor
