garage: 0
garage: 1
doors: 2
color: 7
lazy: lazy:ctor
100
box count: 5
box lid open: 0
local x_: 37
global x_: 42
foo fcount: 1
foo fcount: 2
[cargo ctor]
cargo weight: 7
[taggify ctor]
tag #1
tag #2
[Logger ctor]
logger seen: 3
logger seen: 8
[pool ctor]
[buffer ctor]
buffer slots: 16
before global warming green house effect.
Green:ctor
warming:ctor
Green:ctor
Green:ctor
warming:house.effect_ = 10
thumb_ = 10
beret_.effect_ = 10
after global warming green house effect.
Green:ctor
Green:ctor
Green:ctor
apples_[0] = 100
apples_[1] = 101
apples_[2] = 102
[Logger dtor]
Green:dtor
Green:dtor
Green:dtor
Green:dtor
Green:dtor
warming:dtor
Green:dtor
[buffer dtor]
[pool dtor]
[taggify dtor]
[cargo dtor]
lazy:dtor
