-- variables --
local: x=10
mutate_param: p=99
self-field: c.v_=2
inline-arr: arrV[2]=30
-- field access --
obj-field: p.x_=10
deref-field: p.y_=20
-- index --
inline-arr: arrI[1]=200
iter: arrI[2]=333
tup: tup[0]=100
-- pointer deref --
var^: arrD[0]=11
post-inc^: arrD[1]=20
post-dec^: arrD[1]=33
pre-inc^: arrD[1]=44
pre-dec^: arrD[0]=55
-- parens --
(xp)=: xp=7
paren-inc-deref: arrP=100,2,3,200
-- swap --
inline-arr: arrS=4,2,3,1
-- compound primitive --
x+=5: 15
x-=2: 13
x*=2: 26
x/=4: 6
x%=3: 0
py^+=50: y=150
p.x_+=10 p.y_*=5: (11,10)
arrC: 10,120,30,35
-- compound slid op<op>= --
bd: count=3 last_int=42
-- chain optimization --
chain bc: count=6 last_int=3
-- delete + nullify chains --
box.p_ nulled=1
pa[0] nulled=1
-- chained field assign --
o.i_.x_=99
-- slid array element field --
sa[1].x_=77
-- slid array op= / op<- --
aa[0].x_=77
ab[0].x_=88
sm.x_ after move=0
-- post-inc-deref + field --
ar[0].x_=42
-- compound chains --
oc.i_.x_=12
ac[1].x_=15
-- addr-of chains --
via ra: oa.i_.x_=99
via rb: ad[0]=99
via rc: sf[0].x_=42
-- ++/-- on chains --
++cn.v_: 6
ai[1]++: 21
-- auto-promote chains --
show(h.inner_)=42
show(sh[1])=77
