Overload:op=(Overload^)
Overload:op<-(Overload^)
Overload:op<->(Overload^)
Overload:op=(Overload^)
Overload:op<-(Overload^)
Overload:op+(Overload^,Overload^)
Overload:op-(Overload^,Overload^)
Overload:op*(Overload^,Overload^)
Overload:op/(Overload^,Overload^)
Overload:op%(Overload^,Overload^)
Overload:op&(Overload^,Overload^)
Overload:op|(Overload^,Overload^)
Overload:op^(Overload^,Overload^)
Overload:op<<(Overload^,Overload^)
Overload:op>>(Overload^,Overload^)
Overload:op&&(Overload^,Overload^)
Overload:op||(Overload^,Overload^)
Overload:op^^(Overload^,Overload^)
Overload:op+=(Overload^)
Overload:op-=(Overload^)
Overload:op*=(Overload^)
Overload:op/=(Overload^)
Overload:op%=(Overload^)
Overload:op&=(Overload^)
Overload:op|=(Overload^)
Overload:op^=(Overload^)
Overload:op<<=(Overload^)
Overload:op>>=(Overload^)
Overload:op&&=(Overload^)
Overload:op||=(Overload^)
Overload:op^^=(Overload^)
Overload:op==(Overload^)
Overload:op!=(Overload^)
Overload:op<(Overload^)
Overload:op>(Overload^)
Overload:op<=(Overload^)
Overload:op>=(Overload^)
Overload:op==(Overload^)
Overload:op[](Overload^)
Overload:op[]=(Overload^,int)
Overload:op-(Overload^)
Overload:op+(Overload^)
Overload:op~(Overload^)
Overload:op!(Overload^)
Overload:op-()
Overload:op+()
Overload:op~()
Overload:op!()
Overload:op-()
Overload:op=(int)
Overload:op<-(int)
Overload:op=(int)
Overload:op<-(int)
Overload:op=(Overload^)
Overload:op+=(int)
Overload:op=(Overload^)
Overload:op=(Overload^)
Overload:op-=(int)
Overload:op=(Overload^)
Overload:op=(Overload^)
Overload:op*=(int)
Overload:op=(Overload^)
Overload:op=(Overload^)
Overload:op/=(int)
Overload:op=(Overload^)
Overload:op=(Overload^)
Overload:op%=(int)
Overload:op=(Overload^)
Overload:op=(Overload^)
Overload:op&=(int)
Overload:op=(Overload^)
Overload:op=(Overload^)
Overload:op|=(int)
Overload:op=(Overload^)
Overload:op=(Overload^)
Overload:op^=(int)
Overload:op=(Overload^)
Overload:op=(Overload^)
Overload:op<<=(int)
Overload:op=(Overload^)
Overload:op=(Overload^)
Overload:op>>=(int)
Overload:op=(Overload^)
Overload:op=(Overload^)
Overload:op&&=(int)
Overload:op=(Overload^)
Overload:op=(Overload^)
Overload:op||=(int)
Overload:op=(Overload^)
Overload:op=(Overload^)
Overload:op^^=(int)
Overload:op=(Overload^)
Overload:op+=(int)
Overload:op-=(int)
Overload:op*=(int)
Overload:op/=(int)
Overload:op%=(int)
Overload:op&=(int)
Overload:op|=(int)
Overload:op^=(int)
Overload:op<<=(int)
Overload:op>>=(int)
Overload:op&&=(int)
Overload:op||=(int)
Overload:op^^=(int)
Overload:op==(int)
Overload:op!=(int)
Overload:op<(int)
Overload:op>(int)
Overload:op<=(int)
Overload:op>=(int)
Overload:op==(int)
Overload:op[](int)
Overload:op[]=(int,int)
Overload:op-(int)
Overload:op+(int)
Overload:op~(int)
Overload:op!(int)
Overload:op=(Simple^)
Overload:op<-(Simple^)
Overload:op=(Simple^)
Overload:op<-(Simple^)
Overload:op=(Overload^)
Overload:op+=(Simple^)
Overload:op=(Overload^)
Overload:op=(Overload^)
Overload:op-=(Simple^)
Overload:op=(Overload^)
Overload:op=(Overload^)
Overload:op*=(Simple^)
Overload:op=(Overload^)
Overload:op=(Overload^)
Overload:op/=(Simple^)
Overload:op=(Overload^)
Overload:op=(Overload^)
Overload:op%=(Simple^)
Overload:op=(Overload^)
Overload:op=(Overload^)
Overload:op&=(Simple^)
Overload:op=(Overload^)
Overload:op=(Overload^)
Overload:op|=(Simple^)
Overload:op=(Overload^)
Overload:op=(Overload^)
Overload:op^=(Simple^)
Overload:op=(Overload^)
Overload:op=(Overload^)
Overload:op<<=(Simple^)
Overload:op=(Overload^)
Overload:op=(Overload^)
Overload:op>>=(Simple^)
Overload:op=(Overload^)
Overload:op=(Overload^)
Overload:op&&=(Simple^)
Overload:op=(Overload^)
Overload:op=(Overload^)
Overload:op||=(Simple^)
Overload:op=(Overload^)
Overload:op=(Overload^)
Overload:op^^=(Simple^)
Overload:op=(Overload^)
Overload:op+=(Simple^)
Overload:op-=(Simple^)
Overload:op*=(Simple^)
Overload:op/=(Simple^)
Overload:op%=(Simple^)
Overload:op&=(Simple^)
Overload:op|=(Simple^)
Overload:op^=(Simple^)
Overload:op<<=(Simple^)
Overload:op>>=(Simple^)
Overload:op&&=(Simple^)
Overload:op||=(Simple^)
Overload:op^^=(Simple^)
Overload:op==(Simple^)
Overload:op!=(Simple^)
Overload:op<(Simple^)
Overload:op>(Simple^)
Overload:op<=(Simple^)
Overload:op>=(Simple^)
Overload:op==(Simple^)
Overload:op[](Simple^)
Overload:op[]=(Simple^,Simple^)
Overload:op-(Simple^)
Overload:op+(Simple^)
Overload:op~(Simple^)
Overload:op!(Simple^)
Comparison:op==(Simple^)
Comparison:op!=(Simple^)
Comparison:op<(Simple^)
Comparison:op>(Simple^)
Comparison:op<=(Simple^)
Comparison:op>=(Simple^)
MovePtr:op<-(void^)
MoveTest[1]: (ptr==nullptr)=1
1: Not allowed: op<->(int a)
2: Not allowed: op<->(Simple^ a)
3: Not allowed: op=()
4: Not allowed: op<-()
5: Not allowed: op<->()
6: Not allowed: op*(Overload^ a)
7: Not allowed: op/(Overload^ a)
8: Not allowed: op%(Overload^ a)
9: Not allowed: op&(Overload^ a)
10: Not allowed: op|(Overload^ a)
11: Not allowed: op^(Overload^ a)
12: Not allowed: op<<(Overload^ a)
13: Not allowed: op>>(Overload^ a)
14: Not allowed: op&&(Overload^ a)
15: Not allowed: op||(Overload^ a)
16: Not allowed: op^^(Overload^ a)
17: Not allowed: op+=()
18: Not allowed: op-=()
19: Not allowed: op*=()
20: Not allowed: op/=()
21: Not allowed: op%=()
22: Not allowed: op&=()
23: Not allowed: op|=()
24: Not allowed: op^=()
25: Not allowed: op<<=()
26: Not allowed: op>>=()
27: Not allowed: op&&=()
28: Not allowed: op||=()
29: Not allowed: op^^=()
30: Not allowed: bool op==()
31: Not allowed: bool op!=()
32: Not allowed: bool op<()
33: Not allowed: bool op>()
34: Not allowed: bool op<=()
35: Not allowed: bool op>=()
36: Not allowed: Overload op[]()
37: Not allowed: op[]=(Overload^ a)
38: Not allowed: op=(Overload^ a, Overload^ b)
39: Not allowed: op<-(Overload^ a, Overload^ b)
40: Not allowed: op<->(Overload^ a, Overload^ b)
41: Not allowed: op+(Overload^ a, Overload^ b, Overload^ c)
42: Not allowed: op-(Overload^ a, Overload^ b, Overload^ c)
43: Not allowed: op*(Overload^ a, Overload^ b, Overload^ c)
44: Not allowed: op/(Overload^ a, Overload^ b, Overload^ c)
45: Not allowed: op%(Overload^ a, Overload^ b, Overload^ c)
46: Not allowed: op&(Overload^ a, Overload^ b, Overload^ c)
47: Not allowed: op|(Overload^ a, Overload^ b, Overload^ c)
48: Not allowed: op^(Overload^ a, Overload^ b, Overload^ c)
49: Not allowed: op<<(Overload^ a, Overload^ b, Overload^ c)
50: Not allowed: op>>(Overload^ a, Overload^ b, Overload^ c)
51: Not allowed: op&&(Overload^ a, Overload^ b, Overload^ c)
52: Not allowed: op||(Overload^ a, Overload^ b, Overload^ c)
53: Not allowed: op^^(Overload^ a, Overload^ b, Overload^ c)
54: Not allowed: op+=(Overload^ a, Overload^ b)
55: Not allowed: op-=(Overload^ a, Overload^ b)
56: Not allowed: op*=(Overload^ a, Overload^ b)
57: Not allowed: op/=(Overload^ a, Overload^ b)
58: Not allowed: op%=(Overload^ a, Overload^ b)
59: Not allowed: op&=(Overload^ a, Overload^ b)
60: Not allowed: op|=(Overload^ a, Overload^ b)
61: Not allowed: op^=(Overload^ a, Overload^ b)
62: Not allowed: op<<=(Overload^ a, Overload^ b)
63: Not allowed: op>>=(Overload^ a, Overload^ b)
64: Not allowed: op&&=(Overload^ a, Overload^ b)
65: Not allowed: op||=(Overload^ a, Overload^ b)
66: Not allowed: op^^=(Overload^ a, Overload^ b)
67: Not allowed: bool op==(Overload^ a, Overload^ b)
68: Not allowed: bool op!=(Overload^ a, Overload^ b)
69: Not allowed: bool op<(Overload^ a, Overload^ b)
70: Not allowed: bool op>(Overload^ a, Overload^ b)
71: Not allowed: bool op<=(Overload^ a, Overload^ b)
72: Not allowed: bool op>=(Overload^ a, Overload^ b)
73: Not allowed: Overload op[](Overload^ a, Overload^ b)
74: Not allowed: op[]=(Overload^ a, Overload^ b, Overload^ c)
75: Not allowed: op~(Overload^ a, Overload^ b)
76: Not allowed: op!(Overload^ a, Overload^ b)
77: Not allowed: Overload op+() (arity-0 unary returns class)
78: Not allowed: Overload op-() (arity-0 unary returns class)
79: Not allowed: Overload op~() (arity-0 unary returns class)
80: Not allowed: Overload op!() (arity-0 unary returns class)
81: Not allowed: Overload op==(Simple^ a) (comparison returns class)
82: Not allowed: Overload op!=(Simple^ a) (comparison returns class)
83: Not allowed: Overload op<(Simple^ a) (comparison returns class)
84: Not allowed: Overload op>(Simple^ a) (comparison returns class)
85: Not allowed: Overload op<=(Simple^ a) (comparison returns class)
86: Not allowed: Overload op>=(Simple^ a) (comparison returns class)
87: Not allowed: op<-(Overload^ a) (move pointer param missing 'mutable')
88: Not allowed: op<->(Overload^ a) (swap pointer param missing 'mutable')
89: Not allowed: op<-(mutable int a) ('mutable' only on '^' or '[]')
