Inner: Outer:test inn: a=5 b=4
Outer:test2 it
Sparrow wing=3
Finch wing=4 feather=5
Inner: main_inn: a=6 b=7
main_inn tag = 1
main_inn classify = 9
Outer:Inner:sizeof = 12
InTemplate: char main_it = 
Inner2: main_in2: c=102
Outer:Inner:kBase = 30
Outer:Inner:kHigh = 1
Outer:Bird wings=3
Outer:Robin wings=4 feathers=200
HostB:Guest a=4 g=3
Eagle wings=8 beak=14
HostB:Hawk wings=15 speed=88
Ruby p=8 r=12
InIf v=11
DerIf v=13 w=14
InFor v=21
DerFor v=23 w=24
InWhile v=31
DerWhile v=33 w=34
InSwitch v=41
DerSwitch v=43 w=44
Deep v=51
DerDeep v=53 w=54
LocalEagle wings=11 span=33
LocalGoose a=7 gabble=21
