pi=3.14
foo()=42
nt.size=37
nt.foo()=37
nt.bar()=24
wt.fred=53.38
wt.foo()=53.38
tau=6.28
circle_full=6.28
NoTors:size=37
tt=4
bb=0
big=10000000000
r1=0.5
r2=3.14
cc=65
unary=-5,1,-1
arith=3,2,42,3,1
bits=0,255,15,16,64
logic=1,1,1,1,1
outerFn()=10
inner_obj.innerMethod()=8
c.magic=42
c.getMagic()=42
doubler<int>(7)=14
cmh.probe(5)=5
runtimeConstFn(3,4)=12
callMut()=2
ck=3
##type(ck)=const int
##type(abc)=const int
doubler(abc)=20
slit=first lit
slit=second lit
slit=greeting lit
