program:
  functions:
    function main() -> int32  file=math.sl tok=1219
  namespaces:
    namespace math  file=math.sl tok=0
      foreign function math:sin(x float64) -> float64 = import  file=math.sl tok=21
      foreign function math:sinf(x float32) -> float32 = import  file=math.sl tok=30
      foreign function math:cos(x float64) -> float64 = import  file=math.sl tok=41
      foreign function math:cosf(x float32) -> float32 = import  file=math.sl tok=48
      const math:kPi64 float64  file=math.sl tok=4
      const math:kPi32 float32  file=math.sl tok=10
      const math:kPi float  file=math.sl tok=16
    namespace math  file=math.sl tok=66
      foreign function math:tan(x float64) -> float64 = import  file=math.sl tok=70
      foreign function math:asin(x float64) -> float64 = import  file=math.sl tok=77
      foreign function math:acos(x float64) -> float64 = import  file=math.sl tok=84
      foreign function math:atan(x float64) -> float64 = import  file=math.sl tok=91
      foreign function math:atan2(y float64, x float64) -> float64 = import  file=math.sl tok=98
      foreign function math:tanf(x float32) -> float32 = import  file=math.sl tok=108
      foreign function math:asinf(x float32) -> float32 = import  file=math.sl tok=115
      foreign function math:acosf(x float32) -> float32 = import  file=math.sl tok=122
      foreign function math:atanf(x float32) -> float32 = import  file=math.sl tok=129
      foreign function math:atan2f(y float32, x float32) -> float32 = import  file=math.sl tok=136
      foreign function math:sinh(x float64) -> float64 = import  file=math.sl tok=146
      foreign function math:cosh(x float64) -> float64 = import  file=math.sl tok=153
      foreign function math:tanh(x float64) -> float64 = import  file=math.sl tok=160
      foreign function math:asinh(x float64) -> float64 = import  file=math.sl tok=167
      foreign function math:acosh(x float64) -> float64 = import  file=math.sl tok=174
      foreign function math:atanh(x float64) -> float64 = import  file=math.sl tok=181
      foreign function math:sinhf(x float32) -> float32 = import  file=math.sl tok=188
      foreign function math:coshf(x float32) -> float32 = import  file=math.sl tok=195
      foreign function math:tanhf(x float32) -> float32 = import  file=math.sl tok=202
      foreign function math:asinhf(x float32) -> float32 = import  file=math.sl tok=209
      foreign function math:acoshf(x float32) -> float32 = import  file=math.sl tok=216
      foreign function math:atanhf(x float32) -> float32 = import  file=math.sl tok=223
      foreign function math:exp(x float64) -> float64 = import  file=math.sl tok=230
      foreign function math:exp2(x float64) -> float64 = import  file=math.sl tok=237
      foreign function math:expm1(x float64) -> float64 = import  file=math.sl tok=244
      foreign function math:log(x float64) -> float64 = import  file=math.sl tok=251
      foreign function math:log2(x float64) -> float64 = import  file=math.sl tok=258
      foreign function math:log10(x float64) -> float64 = import  file=math.sl tok=265
      foreign function math:log1p(x float64) -> float64 = import  file=math.sl tok=272
      foreign function math:logb(x float64) -> float64 = import  file=math.sl tok=279
      foreign function math:ilogb(x float64) -> int = import  file=math.sl tok=286
      foreign function math:ldexp(x float64, exp int) -> float64 = import  file=math.sl tok=293
      foreign function math:scalbn(x float64, n int) -> float64 = import  file=math.sl tok=303
      foreign function math:scalbln(x float64, n int64) -> float64 = import  file=math.sl tok=313
      foreign function math:frexp(x float64, exp int^) -> float64 = import  file=math.sl tok=323
      foreign function math:modf(x float64, iptr float64^) -> float64 = import  file=math.sl tok=334
      foreign function math:expf(x float32) -> float32 = import  file=math.sl tok=345
      foreign function math:exp2f(x float32) -> float32 = import  file=math.sl tok=352
      foreign function math:expm1f(x float32) -> float32 = import  file=math.sl tok=359
      foreign function math:logf(x float32) -> float32 = import  file=math.sl tok=366
      foreign function math:log2f(x float32) -> float32 = import  file=math.sl tok=373
      foreign function math:log10f(x float32) -> float32 = import  file=math.sl tok=380
      foreign function math:log1pf(x float32) -> float32 = import  file=math.sl tok=387
      foreign function math:logbf(x float32) -> float32 = import  file=math.sl tok=394
      foreign function math:ilogbf(x float32) -> int = import  file=math.sl tok=401
      foreign function math:ldexpf(x float32, exp int) -> float32 = import  file=math.sl tok=408
      foreign function math:scalbnf(x float32, n int) -> float32 = import  file=math.sl tok=418
      foreign function math:scalblnf(x float32, n int64) -> float32 = import  file=math.sl tok=428
      foreign function math:frexpf(x float32, exp int^) -> float32 = import  file=math.sl tok=438
      foreign function math:modff(x float32, iptr float32^) -> float32 = import  file=math.sl tok=449
      foreign function math:pow(x float64, y float64) -> float64 = import  file=math.sl tok=460
      foreign function math:sqrt(x float64) -> float64 = import  file=math.sl tok=470
      foreign function math:cbrt(x float64) -> float64 = import  file=math.sl tok=477
      foreign function math:hypot(x float64, y float64) -> float64 = import  file=math.sl tok=484
      foreign function math:powf(x float32, y float32) -> float32 = import  file=math.sl tok=494
      foreign function math:sqrtf(x float32) -> float32 = import  file=math.sl tok=504
      foreign function math:cbrtf(x float32) -> float32 = import  file=math.sl tok=511
      foreign function math:hypotf(x float32, y float32) -> float32 = import  file=math.sl tok=518
      foreign function math:erf(x float64) -> float64 = import  file=math.sl tok=528
      foreign function math:erfc(x float64) -> float64 = import  file=math.sl tok=535
      foreign function math:lgamma(x float64) -> float64 = import  file=math.sl tok=542
      foreign function math:tgamma(x float64) -> float64 = import  file=math.sl tok=549
      foreign function math:erff(x float32) -> float32 = import  file=math.sl tok=556
      foreign function math:erfcf(x float32) -> float32 = import  file=math.sl tok=563
      foreign function math:lgammaf(x float32) -> float32 = import  file=math.sl tok=570
      foreign function math:tgammaf(x float32) -> float32 = import  file=math.sl tok=577
      foreign function math:ceil(x float64) -> float64 = import  file=math.sl tok=584
      foreign function math:floor(x float64) -> float64 = import  file=math.sl tok=591
      foreign function math:trunc(x float64) -> float64 = import  file=math.sl tok=598
      foreign function math:round(x float64) -> float64 = import  file=math.sl tok=605
      foreign function math:nearbyint(x float64) -> float64 = import  file=math.sl tok=612
      foreign function math:rint(x float64) -> float64 = import  file=math.sl tok=619
      foreign function math:lround(x float64) -> int64 = import  file=math.sl tok=626
      foreign function math:llround(x float64) -> int64 = import  file=math.sl tok=633
      foreign function math:lrint(x float64) -> int64 = import  file=math.sl tok=640
      foreign function math:llrint(x float64) -> int64 = import  file=math.sl tok=647
      foreign function math:ceilf(x float32) -> float32 = import  file=math.sl tok=654
      foreign function math:floorf(x float32) -> float32 = import  file=math.sl tok=661
      foreign function math:truncf(x float32) -> float32 = import  file=math.sl tok=668
      foreign function math:roundf(x float32) -> float32 = import  file=math.sl tok=675
      foreign function math:nearbyintf(x float32) -> float32 = import  file=math.sl tok=682
      foreign function math:rintf(x float32) -> float32 = import  file=math.sl tok=689
      foreign function math:lroundf(x float32) -> int64 = import  file=math.sl tok=696
      foreign function math:llroundf(x float32) -> int64 = import  file=math.sl tok=703
      foreign function math:lrintf(x float32) -> int64 = import  file=math.sl tok=710
      foreign function math:llrintf(x float32) -> int64 = import  file=math.sl tok=717
      foreign function math:fmod(x float64, y float64) -> float64 = import  file=math.sl tok=724
      foreign function math:remainder(x float64, y float64) -> float64 = import  file=math.sl tok=734
      foreign function math:remquo(x float64, y float64, quo int^) -> float64 = import  file=math.sl tok=744
      foreign function math:fmodf(x float32, y float32) -> float32 = import  file=math.sl tok=758
      foreign function math:remainderf(x float32, y float32) -> float32 = import  file=math.sl tok=768
      foreign function math:remquof(x float32, y float32, quo int^) -> float32 = import  file=math.sl tok=778
      foreign function math:fabs(x float64) -> float64 = import  file=math.sl tok=792
      foreign function math:copysign(x float64, y float64) -> float64 = import  file=math.sl tok=799
      foreign function math:fdim(x float64, y float64) -> float64 = import  file=math.sl tok=809
      foreign function math:fmax(x float64, y float64) -> float64 = import  file=math.sl tok=819
      foreign function math:fmin(x float64, y float64) -> float64 = import  file=math.sl tok=829
      foreign function math:fma(x float64, y float64, z float64) -> float64 = import  file=math.sl tok=839
      foreign function math:nextafter(x float64, y float64) -> float64 = import  file=math.sl tok=852
      foreign function math:nan(tag char[]) -> float64 = import  file=math.sl tok=862
      foreign function math:fabsf(x float32) -> float32 = import  file=math.sl tok=871
      foreign function math:copysignf(x float32, y float32) -> float32 = import  file=math.sl tok=878
      foreign function math:fdimf(x float32, y float32) -> float32 = import  file=math.sl tok=888
      foreign function math:fmaxf(x float32, y float32) -> float32 = import  file=math.sl tok=898
      foreign function math:fminf(x float32, y float32) -> float32 = import  file=math.sl tok=908
      foreign function math:fmaf(x float32, y float32, z float32) -> float32 = import  file=math.sl tok=918
      foreign function math:nextafterf(x float32, y float32) -> float32 = import  file=math.sl tok=931
      foreign function math:nanf(tag char[]) -> float32 = import  file=math.sl tok=941
    namespace math  file=math.sl tok=950
  aliases:
    alias math:sin = sinf  file=math.sl tok=56
    alias math:cos = cosf  file=math.sl tok=61
    alias math:tan = tanf  file=math.sl tok=953
    alias math:asin = asinf  file=math.sl tok=958
    alias math:acos = acosf  file=math.sl tok=963
    alias math:atan = atanf  file=math.sl tok=968
    alias math:atan2 = atan2f  file=math.sl tok=973
    alias math:sinh = sinhf  file=math.sl tok=978
    alias math:cosh = coshf  file=math.sl tok=983
    alias math:tanh = tanhf  file=math.sl tok=988
    alias math:asinh = asinhf  file=math.sl tok=993
    alias math:acosh = acoshf  file=math.sl tok=998
    alias math:atanh = atanhf  file=math.sl tok=1003
    alias math:exp = expf  file=math.sl tok=1008
    alias math:exp2 = exp2f  file=math.sl tok=1013
    alias math:expm1 = expm1f  file=math.sl tok=1018
    alias math:log = logf  file=math.sl tok=1023
    alias math:log2 = log2f  file=math.sl tok=1028
    alias math:log10 = log10f  file=math.sl tok=1033
    alias math:log1p = log1pf  file=math.sl tok=1038
    alias math:logb = logbf  file=math.sl tok=1043
    alias math:ilogb = ilogbf  file=math.sl tok=1048
    alias math:ldexp = ldexpf  file=math.sl tok=1053
    alias math:scalbn = scalbnf  file=math.sl tok=1058
    alias math:scalbln = scalblnf  file=math.sl tok=1063
    alias math:frexp = frexpf  file=math.sl tok=1068
    alias math:modf = modff  file=math.sl tok=1073
    alias math:pow = powf  file=math.sl tok=1078
    alias math:sqrt = sqrtf  file=math.sl tok=1083
    alias math:cbrt = cbrtf  file=math.sl tok=1088
    alias math:hypot = hypotf  file=math.sl tok=1093
    alias math:erf = erff  file=math.sl tok=1098
    alias math:erfc = erfcf  file=math.sl tok=1103
    alias math:lgamma = lgammaf  file=math.sl tok=1108
    alias math:tgamma = tgammaf  file=math.sl tok=1113
    alias math:ceil = ceilf  file=math.sl tok=1118
    alias math:floor = floorf  file=math.sl tok=1123
    alias math:trunc = truncf  file=math.sl tok=1128
    alias math:round = roundf  file=math.sl tok=1133
    alias math:nearbyint = nearbyintf  file=math.sl tok=1138
    alias math:rint = rintf  file=math.sl tok=1143
    alias math:lround = lroundf  file=math.sl tok=1148
    alias math:llround = llroundf  file=math.sl tok=1153
    alias math:lrint = lrintf  file=math.sl tok=1158
    alias math:llrint = llrintf  file=math.sl tok=1163
    alias math:fmod = fmodf  file=math.sl tok=1168
    alias math:remainder = remainderf  file=math.sl tok=1173
    alias math:remquo = remquof  file=math.sl tok=1178
    alias math:fabs = fabsf  file=math.sl tok=1183
    alias math:copysign = copysignf  file=math.sl tok=1188
    alias math:fdim = fdimf  file=math.sl tok=1193
    alias math:fmax = fmaxf  file=math.sl tok=1198
    alias math:fmin = fminf  file=math.sl tok=1203
    alias math:fma = fmaf  file=math.sl tok=1208
    alias math:nextafter = nextafterf  file=math.sl tok=1213
