program:
  classes:
    class Simple  file=class.sl tok=0
      ctor
      dtor
      field x_ int
      method goodbye() -> void (no body)
      method hello() -> void
    class Base  file=class.sl tok=89
      ctor
      dtor virtual
      field x_ int
      method greet() -> void
      method speak() -> void
      virtual method process() -> void
      virtual method dwim() -> void
    class Derived : Base  file=class.sl tok=165
      ctor
      dtor virtual
      method greet() -> void = default (no body)
      method speak() -> void = delete (no body)
      virtual method process() -> void = default (no body)
      virtual method dwim() -> void = delete (no body)
    class InferFieldTypes  file=class.sl tok=221
      field x_  = <expr>
      field pi_  = <expr>
      method print() -> void
    class BaseHoist  file=class.sl tok=261
      field x_ int = <expr>
    class classInFunction.0.InFunc  file=class.sl tok=311
      field x_ int = <expr>
    class classInFunction.1.DerivedHoist : BaseHoist  file=class.sl tok=345
      field u_ int = <expr>
    class classInFunction.2.DerivedIF : classInFunction.0.InFunc  file=class.sl tok=356
      field p_ int = <expr>
    class Boxed <T>  file=class.sl tok=460
      field value_ T
      method unwrap() -> T
      method tag() -> int
      class Boxed.unwrap.6.Echo  file=class.sl tok=474
        field copy_ T
      class Boxed.tag.7.Tag  file=class.sl tok=501
        field id_ int = <expr>
    class BaseHoist.LowHoist.MidHoist.HighHoist.TopHoist  file=class.sl tok=293
      field v_ int = <expr>
    class BaseHoist.LowHoist.MidHoist.HighHoist  file=class.sl tok=285
      field w_ int = <expr>
    class BaseHoist.LowHoist.MidHoist  file=class.sl tok=277
      field z_ int = <expr>
    class BaseHoist.LowHoist  file=class.sl tok=269
      field y_ int = <expr>
    class classInFunction.0.InFunc.Hoisted  file=class.sl tok=319
      field y_ int = <expr>
  functions:
    function foo() -> void  file=class.sl tok=28
    function foo() -> void  file=class.sl tok=50
    function classInFunction() -> void  file=class.sl tok=307
    function templateLocal<T>(seed T) -> T  file=class.sl tok=401
      class templateLocal.4.Holder  file=class.sl tok=410
        field item_ T
    function templateLocalIndep<T>(ignored T) -> int  file=class.sl tok=433
      class templateLocalIndep.5.Tally  file=class.sl tok=442
        field n_ int = <expr>
    function main() -> int32  file=class.sl tok=521
  external_methods:
    external_method Simple:hello() -> void  file=class.sl tok=35
    external_method Simple:goodbye() -> void  file=class.sl tok=79
