program:
  classes:
    class NoTors  file=const.sl tok=63
      field x_ int = <expr>
      const size float
      method foo() -> float
      method bar() -> int
    class ConstMethodHolder  file=const.sl tok=123
      field n_ int = <expr>
      const method probe(x int) -> int
    class Container <T>  file=const.sl tok=168
      field n int = <expr>
      const magic int
      method getMagic() -> int
    class Outer  file=const.sl tok=195
      field dummy int = <expr>
    class WithTors  file=const.sl tok=228
      ctor
      dtor
      field x_ int = <expr>
      const fred float
      method foo() -> float
    class ConstOps  file=const.sl tok=911
      ctor const
      dtor const
      field x_ int = <expr>
    class Bag  file=const.sl tok=947
      field n_ int = <expr>
      method setVia(mutable p int^) -> void
    class Pair  file=const.sl tok=971
      field a_ int = <expr>
      field b_ int = <expr>
      method store(mutable q int^, idx int) -> void
      method store(mutable q int^, s char[]) -> void
    class ConstSelfReader  file=const.sl tok=1189
      field n_ int = <expr>
      field m_ int = <expr>
      const method total() -> int
    class ConstCtorOnly  file=const.sl tok=1215
      ctor const
      dtor const
      field n_ int = <expr>
    class ReadWrite  file=const.sl tok=1236
      field n_ int = <expr>
      const method get() -> int
      method set(v int) -> void
    class Outer.Inner  file=const.sl tok=203
      field dummy2 int = <expr>
      method innerMethod() -> int
  functions:
    function foo() -> int  file=const.sl tok=21
    function outerFn() -> int  file=const.sl tok=36
    function doubler<T>(a T) -> T  file=const.sl tok=102
    function runtimeConstFn(a int, b int) -> int  file=const.sl tok=147
    function litGreeting() -> (const char)[]  file=const.sl tok=270
    function main() -> int32  file=const.sl tok=279
    function freeMut(mutable p int^) -> void  file=const.sl tok=933
    function tmplMut<T>(mutable p T^) -> void  file=const.sl tok=1026
    function callMut() -> int  file=const.sl tok=1045
    function readConst() -> int  file=const.sl tok=1115
    function readGet(p ReadWrite^) -> int  file=const.sl tok=1268
    function writeMutRef(mutable p ReadWrite^) -> void  file=const.sl tok=1285
  consts:
    const pi float  file=const.sl tok=2
    const circle_full float  file=const.sl tok=8
    const tau float  file=const.sl tok=14
