program:
  classes:
    class Incomplete ...leading  file=incomplete.sl tok=0
      ctor
      dtor
      field x_ int = <expr>
      field y_ int
      field z_ int
      method greet() -> void (no body)
      method friend() -> void (no body)
      method reopen() -> void
      method weirdness() -> void (no body)
      method greet() -> void
      method friend() -> void
      method weirdness() -> void
    class Incomplete2 ...leading  file=incomplete.sl tok=131
  functions:
    function main() -> int32  file=incomplete.sl tok=144
