program:
  classes:
    class Tag  file=instantiate.sl tok=0
      ctor
      dtor
      field id_ int = <expr>
    class Outer  file=instantiate.sl tok=33
      field x_ int = <expr>
    class Beacon  file=instantiate.sl tok=75
      ctor
      dtor
      field n_ int = <expr>
    class Inert  file=instantiate.sl tok=104
      field x_ int = <expr>
    class main.0.Probe  file=instantiate.sl tok=199
      ctor
      dtor
      field p_ int = <expr>
    class Outer.Inner  file=instantiate.sl tok=41
      ctor
      dtor
      field n_ int = <expr>
  functions:
    function earlyReturn(stop bool) -> void  file=instantiate.sl tok=118
    function main() -> int32  file=instantiate.sl tok=144
  unnamed_globals:
    unnamed_global Beacon  file=instantiate.sl tok=113
    unnamed_global Beacon  file=instantiate.sl tok=115
