program:
  classes:
    class Class  file=mutable.sl tok=0
      field x_ int = <expr>
      method copy1(mutable dst int8[], src int8[]) -> void
      method copy2(mutable dst Class^, src Class^) -> void
    class Box <T>  file=mutable.sl tok=69
      field value_ T = <expr>
      method op<-(mutable other Box__T^)
    class BadBox <T>  file=mutable.sl tok=99
      field value_ T = <expr>
  functions:
    function copy3(mutable dst int8[], src int8[]) -> void  file=mutable.sl tok=40
    function copy4(mutable dst Class^, src Class^) -> void  file=mutable.sl tok=56
    function writeMut(mutable p int^) -> void  file=mutable.sl tok=112
    function readPlain(p int^) -> int  file=mutable.sl tok=127
    function main() -> int32  file=mutable.sl tok=140
