program:
  classes:
    class Outer ...leading  file=nested.sl tok=0
      field x_ int = <expr>
      field y_ int = <expr>
      field z_ int = <expr>
      method test1() -> void
      method test2() -> void
      method test3() -> void
    class Outer.test3.0.Sparrow  file=nested.sl tok=254
      field wing_ int = <expr>
      method chirp() -> void
    class Outer.test3.1.Finch : Outer.test3.0.Sparrow  file=nested.sl tok=278
      field feather_ int = <expr>
      method sing() -> void
    class HostA  file=nested.sl tok=373
      field a_ int = <expr>
      method show() -> void
    class HostB  file=nested.sl tok=395
      field b_ int = <expr>
    class Eagle : Outer.Bird  file=nested.sl tok=466
      field beak_ int = <expr>
      method scream() -> void
    class Chain  file=nested.sl tok=492
      field c0_ int = <expr>
    class test_in_if.2.InIf  file=nested.sl tok=586
      field v_ int = <expr>
      method hi() -> void
    class test_in_if.3.DerIf : test_in_if.2.InIf  file=nested.sl tok=610
      field w_ int = <expr>
      method bye() -> void
    class test_in_for.4.InFor  file=nested.sl tok=678
      field v_ int = <expr>
      method hi() -> void
    class test_in_for.5.DerFor : test_in_for.4.InFor  file=nested.sl tok=702
      field w_ int = <expr>
      method bye() -> void
    class test_in_while.6.InWhile  file=nested.sl tok=773
      field v_ int = <expr>
      method hi() -> void
    class test_in_while.7.DerWhile : test_in_while.6.InWhile  file=nested.sl tok=797
      field w_ int = <expr>
      method bye() -> void
    class test_in_switch.8.InSwitch  file=nested.sl tok=875
      field v_ int = <expr>
      method hi() -> void
    class test_in_switch.9.DerSwitch : test_in_switch.8.InSwitch  file=nested.sl tok=899
      field w_ int = <expr>
      method bye() -> void
    class test_local_from_file_base.10.LocalGoose : HostA  file=nested.sl tok=966
      field gabble_ int = <expr>
      method honk() -> void
    class test_multi_colon_base.11.LocalEagle : Outer.Bird  file=nested.sl tok=1016
      field span_ int = <expr>
      method soar() -> void
    class test_deep_nest.12.Deep  file=nested.sl tok=1067
      field v_ int = <expr>
      method hi() -> void
    class test_deep_nest.13.DerDeep : test_deep_nest.12.Deep  file=nested.sl tok=1091
      field w_ int = <expr>
      method bye() -> void
    class Outer.Inner  file=nested.sl tok=15
      field a_ int = <expr>
      field b_ int = <expr>
      field tag_ Outer:Inner:Tag = <expr>
      const kBase int
      enum Tag
        value kLow
        value kHigh
      method print(name char[]) -> void
      method tag() -> int
      method classify() -> int
    class Outer.InTemplate <T>  file=nested.sl tok=140
      field m_ T
      method print(name char[]) -> void
    class Outer.Bird  file=nested.sl tok=199
      field wings_ int = <expr>
      method chirp() -> void
    class Outer.Robin : Outer.Bird  file=nested.sl tok=223
      field feathers_ int = <expr>
      method sing() -> void
    class Outer.Inner2  file=nested.sl tok=342
      field c_ int = <expr>
      method print(name char[]) -> void
    class HostB.Guest : HostA  file=nested.sl tok=405
      field g_ int = <expr>
      method show() -> void
    class HostB.Hawk : Outer.Bird  file=nested.sl tok=435
      field speed_ int = <expr>
      method dive() -> void
    class Chain.Level1.Level2.Pearl  file=nested.sl tok=516
      field p_ int = <expr>
      method glow() -> void
    class Chain.Level1.Level2.Ruby : Chain.Level1.Level2.Pearl  file=nested.sl tok=540
      field r_ int = <expr>
      method shine() -> void
    class Chain.Level1.Level2  file=nested.sl tok=508
      field c2_ int = <expr>
    class Chain.Level1  file=nested.sl tok=500
      field c1_ int = <expr>
  functions:
    function test_in_if() -> void  file=nested.sl tok=570
    function test_in_for() -> void  file=nested.sl tok=665
    function test_in_while() -> void  file=nested.sl tok=757
    function test_in_switch() -> void  file=nested.sl tok=858
    function test_local_from_file_base() -> void  file=nested.sl tok=960
    function test_multi_colon_base() -> void  file=nested.sl tok=1008
    function test_deep_nest() -> void  file=nested.sl tok=1058
    function main() -> int32  file=nested.sl tok=1150
