program:
  classes:
    class Simple  file=operators.sl tok=0
      field x_ int = <expr>
    class Overload  file=operators.sl tok=9
      field y_ int = <expr>
      method op=(a Overload^)
      method op<-(mutable a Overload^)
      method op<->(mutable a Overload^)
      method op+(a Overload^, b Overload^)
      method op-(a Overload^, b Overload^)
      method op*(a Overload^, b Overload^)
      method op/(a Overload^, b Overload^)
      method op%(a Overload^, b Overload^)
      method op&(a Overload^, b Overload^)
      method op|(a Overload^, b Overload^)
      method op^(a Overload^, b Overload^)
      method op<<(a Overload^, b Overload^)
      method op>>(a Overload^, b Overload^)
      method op&&(a Overload^, b Overload^)
      method op||(a Overload^, b Overload^)
      method op^^(a Overload^, b Overload^)
      method op+=(a Overload^)
      method op-=(a Overload^)
      method op*=(a Overload^)
      method op/=(a Overload^)
      method op%=(a Overload^)
      method op&=(a Overload^)
      method op|=(a Overload^)
      method op^=(a Overload^)
      method op<<=(a Overload^)
      method op>>=(a Overload^)
      method op&&=(a Overload^)
      method op||=(a Overload^)
      method op^^=(a Overload^)
      method op==(a Overload^) -> bool
      method op!=(a Overload^) -> bool
      method op<(a Overload^) -> bool
      method op>(a Overload^) -> bool
      method op<=(a Overload^) -> bool
      method op>=(a Overload^) -> bool
      method op[](a Overload^) -> int^
      method op+() -> bool
      method op-() -> bool
      method op~() -> bool
      method op!() -> bool
      method op^() -> int^
      method op+(a Overload^)
      method op-(a Overload^)
      method op~(a Overload^)
      method op!(a Overload^)
      method op=(a int)
      method op<-(a int)
      method op+(a int, b int)
      method op-(a int, b int)
      method op*(a int, b int)
      method op/(a int, b int)
      method op%(a int, b int)
      method op&(a int, b int)
      method op|(a int, b int)
      method op^(a int, b int)
      method op<<(a int, b int)
      method op>>(a int, b int)
      method op&&(a int, b int)
      method op||(a int, b int)
      method op^^(a int, b int)
      method op+=(a int)
      method op-=(a int)
      method op*=(a int)
      method op/=(a int)
      method op%=(a int)
      method op&=(a int)
      method op|=(a int)
      method op^=(a int)
      method op<<=(a int)
      method op>>=(a int)
      method op&&=(a int)
      method op||=(a int)
      method op^^=(a int)
      method op==(a int) -> bool
      method op!=(a int) -> bool
      method op<(a int) -> bool
      method op>(a int) -> bool
      method op<=(a int) -> bool
      method op>=(a int) -> bool
      method op[](a int) -> int^
      method op+(a int)
      method op-(a int)
      method op~(a int)
      method op!(a int)
      method op=(a Simple^)
      method op<-(mutable a Simple^)
      method op+(a Simple^, b Simple^)
      method op-(a Simple^, b Simple^)
      method op*(a Simple^, b Simple^)
      method op/(a Simple^, b Simple^)
      method op%(a Simple^, b Simple^)
      method op&(a Simple^, b Simple^)
      method op|(a Simple^, b Simple^)
      method op^(a Simple^, b Simple^)
      method op<<(a Simple^, b Simple^)
      method op>>(a Simple^, b Simple^)
      method op&&(a Simple^, b Simple^)
      method op||(a Simple^, b Simple^)
      method op^^(a Simple^, b Simple^)
      method op+=(a Simple^)
      method op-=(a Simple^)
      method op*=(a Simple^)
      method op/=(a Simple^)
      method op%=(a Simple^)
      method op&=(a Simple^)
      method op|=(a Simple^)
      method op^=(a Simple^)
      method op<<=(a Simple^)
      method op>>=(a Simple^)
      method op&&=(a Simple^)
      method op||=(a Simple^)
      method op^^=(a Simple^)
      method op==(a Simple^) -> bool
      method op!=(a Simple^) -> bool
      method op<(a Simple^) -> bool
      method op>(a Simple^) -> bool
      method op<=(a Simple^) -> bool
      method op>=(a Simple^) -> bool
      method op[](a Simple^) -> int^
      method op+(a Simple^)
      method op-(a Simple^)
      method op~(a Simple^)
      method op!(a Simple^)
    class BadReturn  file=operators.sl tok=1947
      field dummy_ int = <expr>
    class BadMutable  file=operators.sl tok=1956
      field dummy_ int = <expr>
    class Comparison  file=operators.sl tok=1965
      field z_ int = <expr>
      method op==(a Simple^) -> int
      method op!=(a Simple^) -> int
      method op<(a Simple^) -> int
      method op>(a Simple^) -> int
      method op<=(a Simple^) -> int
      method op>=(a Simple^) -> int
    class MovePtr  file=operators.sl tok=2082
      field w_ int = <expr>
      method op<-(mutable ptr void^)
  functions:
    function main() -> int32  file=operators.sl tok=2107
