program:
  classes:
    class GsA  file=reopen1.sl tok=0
      field a_ int = <expr>
      alias intA = int
      const kA1 int
      const kA2 int
      const kA3 int
      enum EnumA1
        value kEnumA1
      enum EnumA2
        value kEnumA2
      enum EnumA3
        value kEnumA3
      method m_a1() -> void
      method m_a2() -> void
      method m_a4() -> void
    class GsC  file=reopen1.sl tok=11537
      field c_ int = <expr>
      alias intC = int
      const kC1 int
      const kC2 int
      enum EnumC1
        value kEnumC1
      enum EnumC2
        value kEnumC2
      method m_c1() -> void
      method m_c2() -> void
    class GsA.CsE : GsA.CsB  file=reopen1.sl tok=72
      field e_ int = <expr>
      alias intE = int
      const kE1 int
      const kE2 int
      enum EnumE1
        value kEnumE1
      enum EnumE2
        value kEnumE2
      method m_e1() -> void
      method m_e2() -> void
    class GsA.CsB  file=reopen1.sl tok=430
      field b_ int = <expr>
      alias intB = int
      const kB1 int
      const kB2 int
      enum EnumB1
        value kEnumB1
      enum EnumB2
        value kEnumB2
      method m_b1() -> void
      method m_b2() -> void
      method op+(a GsA.CsB^, b GsA.CsB^)
    class GsA.CsD : GsC  file=reopen1.sl tok=764
      field d_ int = <expr>
      alias intD = int
      const kD1 int
      const kD2 int
      enum EnumD1
        value kEnumD1
      enum EnumD2
        value kEnumD2
      method m_d1() -> void
      method m_d2() -> void
    class GsA.CsF ...leading  file=reopen1.sl tok=1164
      field f_ int = <expr>
      alias intF = int
      const kF1 int
      const kF2 int
      const kF3 int
      const kF4 int
      enum EnumF1
        value kEnumF1
      enum EnumF2
        value kEnumF2
      enum EnumF3
        value kEnumF3
      enum EnumF4
        value kEnumF4
      method m_f1() -> void
      method m_f2() -> void
      method m_f3() -> void
      method m_f4() -> void
    class GsA.CsG ...leading  file=reopen1.sl tok=2271
      field g_ int = <expr>
      alias intG = int
      const kG1 int
      const kG2 int
      enum EnumG1
        value kEnumG1
      enum EnumG2
        value kEnumG2
      method m_g1() -> void
      method m_g2() -> void
    class GsA.CsH  file=reopen1.sl tok=8071
      field h_ int = <expr>
      alias intH = int
      const kH1 int
      const kH2 int
      enum EnumH1
        value kEnumH1
      enum EnumH2
        value kEnumH2
      method m_h1() -> void
      method m_h2() -> void
  functions:
    function main() -> int32  file=reopen1.sl tok=11693
  external_methods:
    external_method GsA.CsB:m_b3() -> void  file=reopen1.sl tok=3301
    external_method GsA.CsD:m_d3() -> void  file=reopen1.sl tok=4510
    external_method GsA.CsE:m_e3() -> void  file=reopen1.sl tok=5719
    external_method GsA.CsF:m_f5() -> void  file=reopen1.sl tok=6896
    external_method GsA.CsH:m_h3() -> void  file=reopen1.sl tok=8795
    external_method GsA:m_a3() -> void  file=reopen1.sl tok=8904
    external_method GsA.CsB:m_b4() -> void  file=reopen1.sl tok=9080
    external_method GsA.CsD:m_d4() -> void  file=reopen1.sl tok=9652
    external_method GsA.CsE:m_e4() -> void  file=reopen1.sl tok=10272
    external_method GsA.CsF:m_f6() -> void  file=reopen1.sl tok=10844
    external_method GsA.CsH:m_h4() -> void  file=reopen1.sl tok=11432
  globals:
    global GsA static  file=reopen1.sl tok=20
      field g_a1 int = <expr>
    global GsA:CsE static  file=reopen1.sl tok=92
      field g_e1 int = <expr>
    global GsA:CsB static  file=reopen1.sl tok=450
      field g_b1 int = <expr>
    global GsA:CsD static  file=reopen1.sl tok=784
      field g_d1 int = <expr>
    global GsA:CsF static  file=reopen1.sl tok=1186
      field g_f1 int = <expr>
    global GsA:CsF static  file=reopen1.sl tok=1514
      field g_f2 int = <expr>
    global GsA:CsF static  file=reopen1.sl tok=1880
      field g_f3 int = <expr>
    global GsA:CsG static  file=reopen1.sl tok=2293
      field g_g1 int = <expr>
    global GsA static  file=reopen1.sl tok=2622
      field g_a2 int = <expr>
    global GsA:CsB static  file=reopen1.sl tok=2705
      field g_b2 int = <expr>
    global GsA:CsD static  file=reopen1.sl tok=3884
      field g_d2 int = <expr>
    global GsA:CsE static  file=reopen1.sl tok=5141
      field g_e2 int = <expr>
    global GsA:CsF static  file=reopen1.sl tok=6302
      field g_f4 int = <expr>
    global GsA:CsG static  file=reopen1.sl tok=7496
      field g_g2 int = <expr>
    global GsA:CsH static  file=reopen1.sl tok=8091
      field g_h1 int = <expr>
    global GsA:CsH static  file=reopen1.sl tok=8679
      field g_h2 int = <expr>
    global GsA static  file=reopen1.sl tok=8980
      field g_a3 int = <expr>
    global GsC static  file=reopen1.sl tok=11557
      field g_c1 int = <expr>
    global GsC static  file=reopen1.sl tok=11624
      field g_c2 int = <expr>
