program:
  classes:
    class Value1  file=bug15.sl tok=0
      ctor
      dtor
      field a_ int = <expr>
    class Value2  file=bug15.sl tok=29
      ctor
      dtor
      field value_ Value1
    class NoBody  file=bug15.sl tok=56
      field v_ Value1
  functions:
    function main() -> int32  file=bug15.sl tok=64
