program:
  classes:
    class String ...trailing  file=string.slh tok=0
      ctor (no body)
      dtor (no body)
      method op=(s String^) (no body)
      method op<-(mutable s String^) (no body)
      method op=(s char[]) (no body)
      method op=(c char) (no body)
      method op=(x int64) (no body)
      method op=(x uint64) (no body)
      method op=(b bool) (no body)
      method op=(x float64) (no body)
      method op+=(s String^) (no body)
      method op+=(s char[]) (no body)
      method op+=(c char) (no body)
      method op+=(b bool) (no body)
      method op+(sa String^, sb String^) (no body)
      const method op==(s String^) -> bool (no body)
      const method op!=(s String^) -> bool (no body)
      const method op<=(s String^) -> bool (no body)
      const method op>=(s String^) -> bool (no body)
      const method op<(s String^) -> bool (no body)
      const method op>(s String^) -> bool (no body)
      const method op[](index intptr) -> char^ (no body)
      const method size() -> intptr (no body)
      const method begin() -> char^ (no body)
      const method end() -> char^ (no body)
      const method next(prev char^) -> char^ (no body)
      method clear() -> void (no body)
      const method empty() -> bool (no body)
      method reserve(capacity intptr) -> void (no body)
      method reverse() -> void (no body)
      const method compare(other String^) -> int (no body)
      const method slice(start intptr, count intptr) -> String (no body)
    class Format : String  file=string.slh tok=369
      ctor (no body)
      dtor (no body)
      field justify_ Format:Option = <expr>
      field float_style_ Format:Option = <expr>
      field pad_ char = <expr>
      field leading_plus_ bool = <expr>
      field min_width_ int = <expr>
      field max_width_ int = <expr>
      field precision_ int = <expr>
      enum Option
        value kAuto
        value kLeftJustify
        value kRightJustify
        value kFixedPoint
        value kScientificNotation
      method op=(s String^) (no body)
      method op=(s char[]) (no body)
      method op=(c char) (no body)
      method op=(x int64) (no body)
      method op=(x uint64) (no body)
      method op=(b bool) (no body)
      method op=(x float64) (no body)
      method op*(fmt Format^, s String^) (no body)
      method op*(fmt Format^, x int64) (no body)
      method op*(fmt Format^, x uint64) (no body)
      method op*(fmt Format^, x float64) (no body)
  functions:
    function print(s String^) -> void  file=string.slh tok=263
    function println(s String^) -> void  file=string.slh tok=271
    function strlen(s char[]) -> intptr  file=string.slh tok=279
    function strcpy(mutable dst char[], src char[]) -> void  file=string.slh tok=288
    function strcpy(mutable dst char[], src char[], count intptr) -> void  file=string.slh tok=303
    function strcmp(sa char[], sb char[]) -> int  file=string.slh tok=321
    function strcmp(sa char[], sb char[], count int) -> int  file=string.slh tok=335
    function strfill(mutable s char[], ch char, count intptr) -> void  file=string.slh tok=352
    function main() -> int32  file=string_test.sl tok=4
  imported_headers:
    string.slh
  slid_modules:
    Format -> string
    String -> string
