program:
  classes:
    class Vector <T> ...trailing  file=vector.slh tok=0
      ctor (no body)
      dtor (no body)
      method op=(v Vector__T^) (no body)
      method op<-(mutable v Vector__T^) (no body)
      const method op[](index intptr) -> T^ (no body)
      const method size() -> intptr (no body)
      const method begin() -> T^ (no body)
      const method end() -> T^ (no body)
      const method next(prev T^) -> T^ (no body)
      method reserve(new_size intptr) -> void (no body)
      method resize(new_size intptr) -> void (no body)
      method append(element T^) -> void (no body)
      method append() -> T^ (no body)
      method insert(index intptr, element T^) -> void (no body)
      method insert(index intptr) -> T^ (no body)
      method remove(index intptr, count intptr) -> void (no body)
    class Vector <T> ...leading  file=vector.sl tok=3
      ctor
      dtor
      field size_ intptr = <expr>
      field capacity_ intptr = <expr>
      field storage_ int8[] = <expr>
      method op=(v Vector__T^)
      method op<-(mutable v Vector__T^)
      const method op[](index intptr) -> T^
      const method size() -> intptr
      const method begin() -> T^
      const method end() -> T^
      const method next(prev T^) -> T^
      method reserve(new_size intptr) -> void
      method resize(new_size intptr) -> void
      method append(element T^) -> void
      method append() -> T^
      method insert(index intptr, element T^) -> void
      method insert(index intptr) -> T^
      method remove(index intptr, count intptr) -> void
      method grow(new_size intptr) -> void
      method shrink(new_size intptr) -> void
      method construct(begin intptr, end intptr) -> void
      method destruct(begin intptr, end intptr) -> void
  imported_headers:
    vector.sl
    vector.slh
  slid_modules:
    Vector -> vector
