program:
  classes:
    class Vector <T> ...trailing  file=vector.slh tok=0
      ctor (no body)
      dtor (no body)
      method op=(v Vector__T^) (no body)
      method op<-(mutable v Vector__T^) (no body)
      const method op[](index intptr) -> T^ (no body)
      const method size() -> intptr (no body)
      const method begin() -> T^ (no body)
      const method end() -> T^ (no body)
      const method next(prev T^) -> T^ (no body)
      method reserve(new_size intptr) -> void (no body)
      method resize(new_size intptr) -> void (no body)
      method append(element T^) -> void (no body)
      method append() -> T^ (no body)
      method insert(index intptr, element T^) -> void (no body)
      method insert(index intptr) -> T^ (no body)
      method remove(index intptr, count intptr) -> void (no body)
