program:
  classes:
    class Vector <T> ...leading imported(vector)  file=vector.sl tok=3
      ctor
      dtor
      field size_ intptr = <expr>
      field capacity_ intptr = <expr>
      field storage_ int8[] = <expr>
      method op=(v Vector__T^)
      method op<-(mutable v Vector__T^)
      const method op[](index intptr) -> T^
      const method size() -> intptr
      const method begin() -> T^
      const method end() -> T^
      const method next(prev T^) -> T^
      method reserve(new_size intptr) -> void
      method resize(new_size intptr) -> void
      method append(element T^) -> void
      method append() -> T^
      method insert(index intptr, element T^) -> void
      method insert(index intptr) -> T^
      method remove(index intptr, count intptr) -> void
      method grow(new_size intptr) -> void
      method shrink(new_size intptr) -> void
      method construct(begin intptr, end intptr) -> void
      method destruct(begin intptr, end intptr) -> void
    class Value  file=vector1.sl tok=9
      ctor
      dtor
      field x_ int
      method op<-(mutable rhs Value^)
  functions:
    function main() -> int32  file=vector1.sl tok=55
  globals:
    global <unnamed> static  file=vector1.sl tok=3
      field g_count int = <expr>
  imported_headers:
    vector.sl
    vector.slh
  slid_modules:
    Vector -> vector
